### BTest baseline data generated by btest-diff. Do not edit. Use "btest -U/-u" to update. Requires BTest >= 0.63.
JS: print_sum([1,2,3])
ZEEK: print_sum=6
JS: int i0 typeof=number i=-1 json={"i":-1}
JS: int i1 typeof=number i=0 json={"i":0}
JS: int i2 typeof=number i=1 json={"i":1}
