### BTest baseline data generated by btest-diff. Do not edit. Use "btest -U/-u" to update. Requires BTest >= 0.63.
enum: typeof=string c1=Blue c2=White
table of enum: typeof=object json={"Blue":"blue","White":"white"}
