### BTest baseline data generated by btest-diff. Do not edit. Use "btest -U/-u" to update. Requires BTest >= 0.63.
42 Answer
x {"d":0}
42 Answer
x {"d":10}
42 Answer
x {"d":20}
42 Answer
x {"d":30}
42 Answer
x {"d":40}
42 Answer
x {"d":50}
42 Answer
x {"d":60}
42 Answer
x {"d":70}
42 Answer
x {"d":80}
42 Answer
x {"d":90}
event1=100 event2=100
