### BTest baseline data generated by btest-diff. Do not edit. Use "btest -U/-u" to update. Requires BTest >= 0.63.
GOOD: queried version same as expected expected
GOOD: version1 and version2 match
