### BTest baseline data generated by btest-diff. Do not edit. Use "btest -U/-u" to update. Requires BTest >= 0.63.
[JS] 0: Hook invoked with {"0":"first"}
[ZEEK] first=T
[JS] 1: Hook invoked with {"0":"second"}
[ZEEK] second=T
[JS] 2: Hook invoked with {"0":"third"}
[ZEEK] third=F
[JS] 3: Hook invoked with {"0":"fourth"}
[ZEEK] fourth=F
