### BTest baseline data generated by btest-diff. Do not edit. Use "btest -U/-u" to update. Requires BTest >= 0.63.
time: typeof=number ts=1630163883.86 json=1630163883.86
interval: typeof=number i=1.234 json=1.234
