### BTest baseline data generated by btest-diff. Do not edit. Use "btest -U/-u" to update. Requires BTest >= 0.63.
dns: {"ts":1630165389.090197,"uid":"CHhAvVGS1DHFjwGM9","id":{"orig_h":"172.16.11.201","orig_p":36872,"resp_h":"1.1.1.1","resp_p":53},"proto":"udp","trans_id":64072,"rtt":0.04377388954162598,"query":"corelight.com","qclass":1,"qclass_name":"C_INTERNET","qtype":1,"qtype_name":"A","rcode":0,"rcode_name":"NOERROR","AA":false,"TC":false,"RD":true,"RA":true,"Z":2,"answers":["199.60.103.6","199.60.103.106"],"TTLs":[60,60],"rejected":false,"total_answers":2,"total_replies":3,"saw_query":true,"saw_reply":true}
conn: {"ts":1630165389.090197,"uid":"CHhAvVGS1DHFjwGM9","id":{"orig_h":"172.16.11.201","orig_p":36872,"resp_h":"1.1.1.1","resp_p":53},"proto":"udp","service":"dns","duration":0.04377388954162598,"orig_bytes":54,"resp_bytes":74,"conn_state":"SF","missed_bytes":0,"history":"Dd","orig_pkts":1,"orig_ip_bytes":82,"resp_pkts":1,"resp_ip_bytes":102}
