### BTest baseline data generated by btest-diff. Do not edit. Use "btest -U/-u" to update. Requires BTest >= 0.63.
Caught it: Unknown event EventReceiver::unknown
Caught it: Expected array as second argument
Caught it: Wrong number of parameters. 0 provided, 1 required, 1 total
Caught it: Unable to convert JS value '0' of type number to Zeek type string
Caught it: Wrong number of parameters. 2 provided, 1 required, 1 total
