### BTest baseline data generated by btest-diff. Do not edit. Use "btest -U/-u" to update. Requires BTest >= 0.63.
subnet v4 typeof=string s=192.168.0.0/24 json={"s":"192.168.0.0/24"}
subnet v6 typeof=string s=2607:f8b0::/32 json={"s":"2607:f8b0::/32"}
ZEEK: v4-0: 192.168.1.0/24
ZEEK: v6-0: 2607:f8b0::/40
ZEEK: v6-1: 2607:f8b0::/48
