### BTest baseline data generated by btest-diff. Do not edit. Use "btest -U/-u" to update. Requires BTest >= 0.63.
Caught it: Unknown function: Test::non_existing
Caught it: Wrong number of parameters
Caught it: Not able to convert js value '[object Object]' of type object to zeek type count
