### BTest baseline data generated by btest-diff. Do not edit. Use "btest -U/-u" to update. Requires BTest >= 0.63.
Hey, I am worker-01
Cluster::nodes={"worker-01":{"node_type":"Cluster::WORKER","ip":"127.0.0.1","zone_id":"","p":{"port":0,"proto":"unknown"}}}
