### BTest baseline data generated by btest-diff. Do not edit. Use "btest -U/-u" to update. Requires BTest >= 0.63.
JS/a.js - top-level
JS/a.js: zeek_init()
ZEEK: zeek_init()
JS/a.js: Resolving Promise now and terminating
