### BTest baseline data generated by btest-diff. Do not edit. Use "btest -U/-u" to update. Requires BTest >= 0.63.
I know better how to bootstrap!
0 ./mod1.js
1 ./mod2.js
