### BTest baseline data generated by btest-diff. Do not edit. Use "btest -U/-u" to update. Requires BTest >= 0.63.
[ZEEK] DNS::log_policy: 11
[JS] DNS::log_policy: 10
[ZEEK] DNS::log_policy: 1
[ZEEK] DNS::log_policy: -9
[JS] DNS::log_policy: -10
