### BTest baseline data generated by btest-diff. Do not edit. Use "btest -U/-u" to update. Requires BTest >= 0.63.
sha256_opaque object {}
sha256 hash of 'test\n' is f2ca1bb6c7e907d06dafe4687e579fce76b37e4e93b7605022da52e6ccc26fd2
topk_opaque object {}
tops [ 'a', 'b' ]
topk_opaque.invalid undefined
