### BTest baseline data generated by btest-diff. Do not edit. Use "btest -U/-u" to update. Requires BTest >= 0.63.
[ ERROR ] ZeekTableEnumerator: Wrapping multi index table is not supported.
