### BTest baseline data generated by btest-diff. Do not edit. Use "btest -U/-u" to update. Requires BTest >= 0.63.
ts=1630165474.317388
{
  "pkts_recvd": 12,
  "pkts_dropped": 0,
  "pkts_link": 0,
  "bytes_recvd": 10107
}
{
  "queued": 41,
  "dispatched": 39
}
