### BTest baseline data generated by btest-diff. Do not edit. Use "btest -U/-u" to update. Requires BTest >= 0.63.
Caught: Expected 2 args
Caught: TypeError: Expected string as first argument
Caught: cannot find Zeek type for 'countx'
Caught: cannot find Zeek type for 'NonExistingRecordType'
Caught: TypeError: Unable to convert JS value '1' of type number to Zeek type record (Expected Javascript object for record of type MyRecord)
Caught: TypeError: Error for field string_field_optional: Unable to convert JS value '1' of type number to Zeek type string
Caught: cannot find Zeek type for 'table'
Caught: cannot find Zeek type for 'record'
