### BTest baseline data generated by btest-diff. Do not edit. Use "btest -U/-u" to update. Requires BTest >= 0.63.
vector: typeof=object v=a,b
record: typeof=object r=[object Object] r.a=42 r.b=bvalue json={"a":42,"b":"bvalue"}
set: typeof=object s=a,c,b s.length=3 json=["a","c","b"]
table t1: typeof=object t=[object Object] json={"k1":"entry 1","2":"entry 2"}
table t2: typeof=object t=[object Object] json={"42":"entry 42","1":"entry 1"}
table addr: typeof=object t=[object Object] json={"127.0.0.1":"localhost","192.168.0.1":"router"}
