### BTest baseline data generated by btest-diff. Do not edit. Use "btest -U/-u" to update. Requires BTest >= 0.63.
{"pkts_recvd":261,"pkts_dropped":0,"pkts_link":0,"bytes_recvd":115341}
{"pkts_recvd":261,"pkts_dropped":0,"pkts_link":0,"bytes_recvd":115341}
