### BTest baseline data generated by btest-diff. Do not edit. Use "btest -U/-u" to update. Requires BTest >= 0.63.
[ ERROR ] ExecuteAndWaitForInit: No zeekjs_init found or not a function (undefined)
