### BTest baseline data generated by btest-diff. Do not edit. Use "btest -U/-u" to update. Requires BTest >= 0.63.
Register SIGINT handler
Register SIGTERM handler
Sending SIGINT
Got SIGINT!
Sending SIGTERM
Got SIGTERM - exit(0) - number
Shell got: 0
Register SIGINT handler
Register SIGTERM handler
Sending SIGINT
Got SIGINT!
Sending SIGTERM
Got SIGTERM - exit(1) - number
Shell got: 1
