### BTest baseline data generated by btest-diff. Do not edit. Use "btest -U/-u" to update. Requires BTest >= 0.63.
JS: gstr=initial gstr
JS: gstr=modified gstr
ZEEK: zeek_done gstr=modified gstr
