### BTest baseline data generated by btest-diff. Do not edit. Use "btest -U/-u" to update. Requires BTest >= 0.63.
count okay typeof=bigint c=900719925474099 json={"c":"900719925474099"}
count max safe integer typeof=bigint c=9007199254740991 json={"c":"9007199254740991"}
count too big typeof=bigint c=90071992547409910 json={"c":"90071992547409910"}
