### BTest baseline data generated by btest-diff. Do not edit. Use "btest -U/-u" to update. Requires BTest >= 0.63.
PASS: a was loaded as Zeek file.
PASS: a.z was loaded as Zeek file.
PASS: js was loaded as Zeek file.
PASS: a.ze was loaded as Zeek file.
PASS: .js was loaded as Javascript file.
PASS: a.js was loaded as Javascript file.
