### BTest baseline data generated by btest-diff. Do not edit. Use "btest -U/-u" to update. Requires BTest >= 0.63.
Caught it: Cannot set const: cstr (cstr=initial const)
Caught it: Cannot set option: ostr (ostr=initial option)
Caught it: Cannot set type: R (R=undefined)
Caught it: TypeError: Bad value: Unable to convert JS value 'not.an.addr' of type string to Zeek type addr (myaddr=1.1.1.1)
