### BTest baseline data generated by btest-diff. Do not edit. Use "btest -U/-u" to update. Requires BTest >= 0.63.
[JS] zeek_init(), invoking zeek.event
[ZEEK] zeek_init()
[ZEEK] event1 received
[ZEEK] event2 received c=32 s=test-string
[ZEEK] event3 received r=[ts=1234.0]
