### BTest baseline data generated by btest-diff. Do not edit. Use "btest -U/-u" to update. Requires BTest >= 0.63.
JS/utils.js: top-level
utils: [Module: null prototype] {
  add: [Function: add],
  readPackageJson: [Function: readPackageJson]
}
JS/utils_imported(): utils.add(2, 7): 9
JS/utils_imported(): utils.readPackageJson: {"type": "module"}
ZEEK: zeek_init()
