### BTest baseline data generated by btest-diff. Do not edit. Use "btest -U/-u" to update. Requires BTest >= 0.63.
[ZEEK] zeek_init: 11
[JS] zeek_init: 10
[ZEEK] zeek_init: 1
[JS] zeek_init: 0 (default)
[ZEEK] zeek_init: -9
[JS] zeek_init: -10
[ZEEK] dns_request: 11 corelight.com
[JS] dns_request: 10 corelight.com
[JS] dns_request: 0 (default) corelight.com
[ZEEK] dns_request: -1 corelight.com
