### BTest baseline data generated by btest-diff. Do not edit. Use "btest -U/-u" to update. Requires BTest >= 0.63.
JS/utils.js: top-level
JS/a.js: before import
JS/a.js: after import
JS/zeek_init(): add(2, 7): 9
JS/zeek_init(): readPackageJson: {"type": "module"}
ZEEK: zeek_init()
