### BTest baseline data generated by btest-diff. Do not edit. Use "btest -U/-u" to update. Requires BTest >= 0.63.
Unknown event
Caught it: Unknown event EventReceiver::unknown
Not enough arguments
Caught it: Wrong number of parameters
Too many arguments
Caught it: Wrong number of parameters
Missing ts key in object
Caught it: Not able to convert js value '[object Object]' of type object to zeek type record (Error for field ts: Not able to convert js value 'undefined' of type undefined to zeek type time)
ts can not be converted to timestamp
Caught it: Not able to convert js value '[object Object]' of type object to zeek type record (Error for field ts: Not able to convert js value 'not a timestamp' of type string to zeek type time)
can not convert to count
Caught it: Not able to convert js value 'scramble' of type string to zeek type count
pass an object instead of an array
Caught it: Expected Javascript array for type vector
pass a string instead of an array
Caught it: Expected Javascript array for type vector
