### BTest baseline data generated by btest-diff. Do not edit. Use "btest -U/-u" to update. Requires BTest >= 0.63.
udp_content_ports=[{"port":4000,"proto":"udp"},{"port":4002,"proto":"udp"}]
